// Jest Snapshot v1, https://goo.gl/fbAQLP

exports[`CharacterList should match snapshot 1`] = `
<div>
  <li
    class="sc-gEvEer cpkkRY"
  >
    <img
      alt="Ricky Sanchez Test"
      class="sc-eqUAAy cQJqLn"
      src="https://rickandmortyapi.com/api/character/avatar/1.jpeg"
    />
    <div
      class="sc-fqkvVR bFKHFo"
    >
      <h2
        class="sc-dcJsrY kWDMGg"
      >
        Ricky Sanchez Test
      </h2>
      <p
        class="sc-iGgWBj hNqgHF"
      >
        Gender: Male
      </p>
      <p
        class="sc-iGgWBj hNqgHF"
      >
        Status: Alive
      </p>
      <p
        class="sc-iGgWBj hNqgHF"
      >
        Species: Human
      </p>
    </div>
  </li>
</div>
`;
